interactions:
- request:
    body: null
    headers:
      Accept:
      - '*/*'
      Accept-Encoding:
      - gzip, deflate, zstd
      Authorization:
      - Bearer SANITIZED
      Connection:
      - keep-alive
      User-Agent:
      - GCM-iOS-5.7.2.1
    method: GET
    uri: https://connectapi.garmin.com/wellness-service/wellness/dailyHeartRate/?date=2026-01-07
  response:
    body:
      string: '{"userProfilePK": 2591602, "calendarDate": "2026-01-07", "startTimestampGMT":
        "2026-01-07T06:00:00.0", "endTimestampGMT": "2026-01-08T06:00:00.0", "startTimestampLocal":
        "2026-01-07T00:00:00.0", "endTimestampLocal": "2026-01-08T00:00:00.0", "maxHeartRate":
        115, "minHeartRate": 49, "restingHeartRate": 52, "lastSevenDaysAvgRestingHeartRate":
        51, "heartRateValues": [[1767765600000, 63], [1767765720000, 62], [1767765840000,
        60], [1767765960000, 57], [1767766080000, 62], [1767766200000, 61], [1767766320000,
        59], [1767766440000, 62], [1767766560000, 62], [1767766680000, 61], [1767766800000,
        58], [1767766920000, 61], [1767767040000, 60], [1767767160000, 62], [1767767280000,
        63], [1767767400000, 64], [1767767520000, 64], [1767767640000, 65], [1767767760000,
        65], [1767767880000, 63], [1767768000000, 64], [1767768120000, 64], [1767768240000,
        64], [1767768360000, 64], [1767768480000, 63], [1767768600000, 63], [1767768720000,
        67], [1767768840000, 62], [1767768960000, 62], [1767769080000, 63], [1767769200000,
        62], [1767769320000, 62], [1767769440000, 62], [1767769560000, 62], [1767769680000,
        62], [1767769800000, 62], [1767769920000, 62], [1767770040000, 61], [1767770160000,
        60], [1767770280000, 60], [1767770400000, 58], [1767770520000, 59], [1767770640000,
        63], [1767770760000, 58], [1767770880000, 61], [1767771000000, 55], [1767771120000,
        57], [1767771240000, 56], [1767771360000, 62], [1767771480000, 58], [1767771600000,
        60], [1767771720000, 55], [1767771840000, 52], [1767771960000, 52], [1767772080000,
        52], [1767772200000, 55], [1767772320000, 55], [1767772440000, 56], [1767772560000,
        57], [1767772680000, 57], [1767772800000, 57], [1767772920000, 56], [1767773040000,
        57], [1767773160000, 53], [1767773280000, 52], [1767773400000, 53], [1767773520000,
        55], [1767773640000, 52], [1767773760000, 52], [1767773880000, 53], [1767774000000,
        54], [1767774120000, 54], [1767774240000, 54], [1767774360000, 54], [1767774480000,
        54], [1767774600000, 53], [1767774720000, 54], [1767774840000, 55], [1767774960000,
        54], [1767775080000, 54], [1767775200000, 55], [1767775320000, 54], [1767775440000,
        55], [1767775560000, 55], [1767775680000, 55], [1767775800000, 54], [1767775920000,
        54], [1767776040000, 54], [1767776160000, 56], [1767776280000, 55], [1767776400000,
        55], [1767776520000, 56], [1767776640000, 59], [1767776760000, 55], [1767776880000,
        55], [1767777000000, 52], [1767777120000, 55], [1767777240000, 54], [1767777360000,
        51], [1767777480000, 54], [1767777600000, 55], [1767777720000, 54], [1767777840000,
        52], [1767777960000, 49], [1767778080000, 50], [1767778200000, 51], [1767778320000,
        51], [1767778440000, 54], [1767778560000, 58], [1767778680000, 53], [1767778800000,
        52], [1767778920000, 51], [1767779040000, 52], [1767779160000, 52], [1767779280000,
        53], [1767779400000, 55], [1767779520000, 56], [1767779640000, 53], [1767779760000,
        55], [1767779880000, 54], [1767780000000, 56], [1767780120000, 56], [1767780240000,
        57], [1767780360000, 57], [1767780480000, 57], [1767780600000, 57], [1767780720000,
        57], [1767780840000, 57], [1767780960000, 57], [1767781080000, 57], [1767781200000,
        58], [1767781320000, 60], [1767781440000, 59], [1767781560000, 53], [1767781680000,
        52], [1767781800000, 52], [1767781920000, 53], [1767782040000, 53], [1767782160000,
        54], [1767782280000, 54], [1767782400000, 53], [1767782520000, 54], [1767782640000,
        54], [1767782760000, 62], [1767782880000, 56], [1767783000000, 59], [1767783120000,
        54], [1767783240000, 55], [1767783360000, 59], [1767783480000, 56], [1767783600000,
        57], [1767783720000, 56], [1767783840000, 60], [1767783960000, 53], [1767784080000,
        55], [1767784200000, 58], [1767784320000, 59], [1767784440000, 53], [1767784560000,
        53], [1767784680000, 53], [1767784800000, 57], [1767784920000, 51], [1767785040000,
        55], [1767785160000, 53], [1767785280000, 56], [1767785400000, 50], [1767785520000,
        51], [1767785640000, 52], [1767785760000, 56], [1767785880000, 60], [1767786000000,
        55], [1767786120000, 52], [1767786240000, 52], [1767786360000, 52], [1767786480000,
        53], [1767786600000, 52], [1767786720000, 52], [1767786840000, 52], [1767786960000,
        52], [1767787080000, 52], [1767787200000, 55], [1767787320000, 60], [1767787440000,
        58], [1767787560000, 71], [1767787680000, 69], [1767787800000, 56], [1767787920000,
        61], [1767788040000, 52], [1767788160000, 51], [1767788280000, 52], [1767788400000,
        56], [1767788520000, 56], [1767788640000, 60], [1767788760000, 57], [1767788880000,
        57], [1767789000000, 55], [1767789120000, 53], [1767789240000, 52], [1767789360000,
        54], [1767789480000, 54], [1767789600000, 58], [1767789720000, 56], [1767789840000,
        52], [1767789960000, 59], [1767790080000, 64], [1767790200000, 61], [1767790320000,
        62], [1767790440000, 78], [1767790560000, 68], [1767790680000, 68], [1767790800000,
        71], [1767790920000, 67], [1767791040000, 63], [1767791160000, 64], [1767791280000,
        67], [1767791400000, 66], [1767791520000, 69], [1767791640000, 73], [1767791760000,
        70], [1767791880000, null], [1767792720000, 83], [1767792840000, 94], [1767792960000,
        96], [1767793080000, 96], [1767793200000, 102], [1767793320000, 96], [1767793440000,
        75], [1767793560000, 67], [1767793680000, 63], [1767793800000, 68], [1767793920000,
        64], [1767794040000, 66], [1767794160000, 66], [1767794280000, 71], [1767794400000,
        70], [1767794520000, 69], [1767794640000, 75], [1767794760000, 70], [1767794880000,
        65], [1767795000000, 65], [1767795120000, 60], [1767795240000, 60], [1767795360000,
        63], [1767795480000, 62], [1767795600000, 62], [1767795720000, 62], [1767795840000,
        60], [1767795960000, 60], [1767796080000, 62], [1767796200000, 61], [1767796320000,
        64], [1767796440000, 60], [1767796560000, 64], [1767796680000, 71], [1767796800000,
        60], [1767796920000, 64], [1767797040000, 62], [1767797160000, 60], [1767797280000,
        67], [1767797400000, 72], [1767797520000, 95], [1767797640000, 89], [1767797760000,
        85], [1767797880000, 105], [1767798000000, 115], [1767798120000, 67], [1767798240000,
        58], [1767798360000, 58], [1767798480000, 67], [1767798600000, 65], [1767798720000,
        62], [1767798840000, 61], [1767798960000, 64], [1767799080000, 61], [1767799200000,
        66], [1767799320000, 67], [1767799440000, 69], [1767799560000, 63], [1767799680000,
        81], [1767799800000, 73], [1767799920000, 92], [1767800040000, 81], [1767800160000,
        80], [1767800280000, 77], [1767800400000, 68], [1767800520000, 66], [1767800640000,
        78], [1767800760000, 77], [1767800880000, 73], [1767801000000, 72], [1767801120000,
        74], [1767801240000, 69], [1767801360000, 71], [1767801480000, 72], [1767801600000,
        71], [1767801720000, 69], [1767801840000, 68], [1767801960000, 74], [1767802080000,
        83], [1767802200000, 90], [1767802320000, 92], [1767802440000, 98], [1767802560000,
        91], [1767802680000, 100], [1767802800000, 81], [1767802920000, 75], [1767803040000,
        77], [1767803160000, 74], [1767803280000, 66], [1767803400000, 76], [1767803520000,
        79], [1767803640000, 75], [1767803760000, 78], [1767803880000, 74], [1767804000000,
        71], [1767804120000, 71], [1767804240000, 72], [1767804360000, 83], [1767804480000,
        86], [1767804600000, 87], [1767804720000, 88], [1767804840000, 85], [1767804960000,
        98], [1767805080000, 92], [1767805200000, 80], [1767805320000, 80], [1767805440000,
        68], [1767805560000, 68], [1767805680000, 68], [1767805800000, 68], [1767805920000,
        70], [1767806040000, 80], [1767806160000, 72], [1767806280000, 67], [1767806400000,
        67], [1767806520000, 62], [1767806640000, 67], [1767806760000, 67], [1767806880000,
        64], [1767807000000, 66], [1767807120000, 67], [1767807240000, 72], [1767807360000,
        80], [1767807480000, 86], [1767807600000, 85], [1767807720000, 97], [1767807840000,
        98], [1767807960000, 70], [1767808080000, 60], [1767808200000, 64], [1767808320000,
        63], [1767808440000, 65], [1767808560000, 70], [1767808680000, 71], [1767808800000,
        69], [1767808920000, 68], [1767809040000, 70], [1767809160000, 74], [1767809280000,
        74], [1767809400000, 83], [1767809520000, 79], [1767809640000, 79], [1767809760000,
        67], [1767809880000, 68], [1767810000000, 69], [1767810120000, 67], [1767810240000,
        74], [1767810360000, 70], [1767810480000, 69], [1767810600000, 72], [1767810720000,
        72], [1767810840000, 79], [1767810960000, 75], [1767811080000, 69], [1767811200000,
        69], [1767811320000, 64], [1767811440000, 71], [1767811560000, 77], [1767811680000,
        63], [1767811800000, 67], [1767811920000, 66], [1767812040000, 71], [1767812160000,
        85], [1767812280000, 92], [1767812400000, 71], [1767812520000, 65], [1767812640000,
        69], [1767812760000, 68], [1767812880000, 64], [1767813000000, 64], [1767813120000,
        65], [1767813240000, 59], [1767813360000, 68], [1767813480000, 65], [1767813600000,
        64], [1767813720000, 66], [1767813840000, 71], [1767813960000, 68], [1767814080000,
        75], [1767814200000, 67], [1767814320000, 66], [1767814440000, 68], [1767814560000,
        65], [1767814680000, 63], [1767814800000, 61], [1767814920000, 67], [1767815040000,
        68], [1767815160000, 67], [1767815280000, 66], [1767815400000, 63], [1767815520000,
        66], [1767815640000, 71], [1767815760000, 65], [1767815880000, 60], [1767816000000,
        64], [1767816120000, 71], [1767816240000, 78], [1767816360000, 71], [1767816480000,
        74], [1767816600000, 63], [1767816720000, 65], [1767816840000, 66], [1767816960000,
        67], [1767817080000, 72], [1767817200000, 73], [1767817320000, 65], [1767817440000,
        80], [1767817560000, 83], [1767817680000, 83], [1767817800000, 75], [1767817920000,
        73], [1767818040000, 62], [1767818160000, 68], [1767818280000, 67], [1767818400000,
        73], [1767818520000, 71], [1767818640000, 73], [1767818760000, 74], [1767818880000,
        72], [1767819000000, 75], [1767819120000, 74], [1767819240000, 74], [1767819360000,
        77], [1767819480000, 83], [1767819600000, 84], [1767819720000, 78], [1767819840000,
        82], [1767819960000, 86], [1767820080000, 84], [1767820200000, 85], [1767820320000,
        86], [1767820440000, 77], [1767820560000, 90], [1767820680000, 85], [1767820800000,
        73], [1767820920000, 80], [1767821040000, 68], [1767821160000, 71], [1767821280000,
        65], [1767821400000, 68], [1767821520000, 66], [1767821640000, 70], [1767821760000,
        67], [1767821880000, 98], [1767822000000, 99], [1767822120000, 77], [1767822240000,
        70], [1767822360000, 87], [1767822480000, 71], [1767822600000, 75], [1767822720000,
        74], [1767822840000, 71], [1767822960000, 72], [1767823080000, 75], [1767823200000,
        76], [1767823320000, 75], [1767823440000, 74], [1767823560000, 73], [1767823680000,
        76], [1767823800000, 75], [1767823920000, 74], [1767824040000, 74], [1767824160000,
        73], [1767824280000, 73], [1767824400000, 79], [1767824520000, 80], [1767824640000,
        70], [1767824760000, 67], [1767824880000, 75], [1767825000000, 83], [1767825120000,
        63], [1767825240000, 63], [1767825360000, 63], [1767825480000, 65], [1767825600000,
        68], [1767825720000, 64], [1767825840000, 64], [1767825960000, 65], [1767826080000,
        70], [1767826200000, 70], [1767826320000, 72], [1767826440000, 65], [1767826560000,
        68], [1767826680000, 65], [1767826800000, 67], [1767826920000, 63], [1767827040000,
        66], [1767827160000, 66], [1767827280000, 68], [1767827400000, 66], [1767827520000,
        68], [1767827640000, 62], [1767827760000, 67], [1767827880000, 68], [1767828000000,
        62], [1767828120000, 62], [1767828240000, 62], [1767828360000, 65], [1767828480000,
        61], [1767828600000, 64], [1767828720000, 61], [1767828840000, 59], [1767828960000,
        65], [1767829080000, 64], [1767829200000, 63], [1767829320000, 64], [1767829440000,
        65], [1767829560000, 61], [1767829680000, 61], [1767829800000, 61], [1767829920000,
        60], [1767830040000, 62], [1767830160000, 64], [1767830280000, 68], [1767830400000,
        63], [1767830520000, 63], [1767830640000, 65], [1767830760000, 65], [1767830880000,
        68], [1767831000000, 64], [1767831120000, 59], [1767831240000, 61], [1767831360000,
        64], [1767831480000, 66], [1767831600000, 64], [1767831720000, 66], [1767831840000,
        66], [1767831960000, 63], [1767832080000, 73], [1767832200000, 88], [1767832320000,
        85], [1767832440000, 63], [1767832560000, 59], [1767832680000, 62], [1767832800000,
        69], [1767832920000, 71], [1767833040000, 66], [1767833160000, 72], [1767833280000,
        67], [1767833400000, 71], [1767833520000, 59], [1767833640000, 56], [1767833760000,
        69], [1767833880000, 71], [1767834000000, 65], [1767834120000, 71], [1767834240000,
        71], [1767834360000, 69], [1767834480000, 70], [1767834600000, 75], [1767834720000,
        71], [1767834840000, 71], [1767834960000, 74], [1767835080000, 76], [1767835200000,
        74], [1767835320000, 74], [1767835440000, 76], [1767835560000, 67], [1767835680000,
        69], [1767835800000, 74], [1767835920000, 70], [1767836040000, 68], [1767836160000,
        69], [1767836280000, 72], [1767836400000, 77], [1767836520000, 86], [1767836640000,
        77], [1767836760000, 71], [1767836880000, 80], [1767837000000, 61], [1767837120000,
        59], [1767837240000, 65], [1767837360000, 59], [1767837480000, 61], [1767837600000,
        60], [1767837720000, 62], [1767837840000, 62], [1767837960000, 64], [1767838080000,
        64], [1767838200000, 60], [1767838320000, 61], [1767838440000, 61], [1767838560000,
        60], [1767838680000, 61], [1767838800000, 66], [1767838920000, 65], [1767839040000,
        67], [1767839160000, 70], [1767839280000, 70], [1767839400000, 86], [1767839520000,
        81], [1767839640000, 70], [1767839760000, 79], [1767839880000, 77], [1767840000000,
        78], [1767840120000, 76], [1767840240000, 78], [1767840360000, 77], [1767840480000,
        75], [1767840600000, 81], [1767840720000, 76], [1767840840000, 82], [1767840960000,
        79], [1767841080000, 71], [1767841200000, 83], [1767841320000, 80], [1767841440000,
        77], [1767841560000, 78], [1767841680000, 78], [1767841800000, 77], [1767841920000,
        75], [1767842040000, 72], [1767842160000, 81], [1767842280000, 75], [1767842400000,
        80], [1767842520000, 72], [1767842640000, 69], [1767842760000, 62], [1767842880000,
        67], [1767843000000, 75], [1767843120000, null], [1767843480000, 77], [1767843600000,
        82], [1767843720000, 75], [1767843840000, 64], [1767843960000, 70], [1767844080000,
        68], [1767844200000, 82], [1767844320000, 77], [1767844440000, 73], [1767844560000,
        73], [1767844680000, 76], [1767844800000, 84], [1767844920000, 112], [1767845040000,
        92], [1767845160000, 73], [1767845280000, 83], [1767845400000, 87], [1767845520000,
        85], [1767845640000, 77], [1767845760000, null], [1767846120000, 86], [1767846240000,
        83], [1767846360000, 71], [1767846480000, 71], [1767846600000, 70], [1767846720000,
        69], [1767846840000, 69], [1767846960000, 73], [1767847080000, 58], [1767847200000,
        60], [1767847320000, 59], [1767847440000, 58], [1767847560000, 60], [1767847680000,
        55], [1767847800000, 56], [1767847920000, 55], [1767848040000, 54], [1767848160000,
        53], [1767848280000, 55], [1767848400000, 56], [1767848520000, 56], [1767848640000,
        56], [1767848760000, 56], [1767848880000, 55], [1767849000000, 56], [1767849120000,
        56], [1767849240000, 56], [1767849360000, 56], [1767849480000, 56], [1767849600000,
        57], [1767849720000, 58], [1767849840000, 56], [1767849960000, 58], [1767850080000,
        59], [1767850200000, 59], [1767850320000, 58], [1767850440000, 58], [1767850560000,
        59], [1767850680000, 60], [1767850800000, 56], [1767850920000, 58], [1767851040000,
        58], [1767851160000, 55], [1767851280000, 59], [1767851400000, 54], [1767851520000,
        56], [1767851640000, 54], [1767851760000, 55], [1767851880000, 52]], "heartRateValueDescriptors":
        [{"key": "timestamp", "index": 0}, {"key": "heartrate", "index": 1}]}'
    headers:
      CF-RAY:
      - 9baf352db8f44a44-QRO
      Cache-Control:
      - no-cache, no-store, private
      Connection:
      - keep-alive
      Content-Type:
      - application/json
      Date:
      - Thu, 08 Jan 2026 22:42:23 GMT
      NEL:
      - '{"success_fraction":0.01,"report_to":"cf-nel","max_age":604800}'
      Report-To:
      - '{"endpoints":[{"url":"https:\/\/a.nel.cloudflare.com\/report\/v4?s=rvNcEVgQse1%2FnsmY3a6%2Bi7u9JUxuedUscAtx9zSZPBYgjEK0veZeLqhbR3Hi9iyELu7FtIqaWmCi%2Fiod9mgqsJCA9bk%2BQS1luVX%2Fs9z4TndoZOO6kqfPmxuinRlzWBGAj9YMp4mMgQ%3D%3D"}],"group":"cf-nel","max_age":604800}'
      Server:
      - cloudflare
      Set-Cookie:
      - _cfuvid=SANITIZED; path=SANITIZED; domain=SANITIZED; HttpOnly; Secure; SameSite=SANITIZED
      Transfer-Encoding:
      - chunked
      alt-svc:
      - h3=":443"; ma=86400
      cf-cache-status:
      - DYNAMIC
      pragma:
      - no-cache
    status:
      code: 200
      message: OK
- request:
    body: null
    headers:
      Accept:
      - '*/*'
      Accept-Encoding:
      - gzip, deflate, zstd
      Authorization:
      - Bearer SANITIZED
      Connection:
      - keep-alive
      Cookie:
      - _cfuvid=SANITIZED
      User-Agent:
      - GCM-iOS-5.7.2.1
    method: GET
    uri: https://connectapi.garmin.com/wellness-service/wellness/dailyHeartRate/?date=2026-01-06
  response:
    body:
      string: '{"userProfilePK": 2591602, "calendarDate": "2026-01-06", "startTimestampGMT":
        "2026-01-06T06:00:00.0", "endTimestampGMT": "2026-01-07T06:00:00.0", "startTimestampLocal":
        "2026-01-06T00:00:00.0", "endTimestampLocal": "2026-01-07T00:00:00.0", "maxHeartRate":
        151, "minHeartRate": 51, "restingHeartRate": 53, "lastSevenDaysAvgRestingHeartRate":
        50, "heartRateValues": [[1767679200000, 67], [1767679320000, 67], [1767679440000,
        66], [1767679560000, 67], [1767679680000, 67], [1767679800000, 66], [1767679920000,
        67], [1767680040000, 67], [1767680160000, 67], [1767680280000, 67], [1767680400000,
        67], [1767680520000, 67], [1767680640000, 66], [1767680760000, 67], [1767680880000,
        67], [1767681000000, 68], [1767681120000, 69], [1767681240000, 68], [1767681360000,
        69], [1767681480000, 69], [1767681600000, 69], [1767681720000, 69], [1767681840000,
        69], [1767681960000, 70], [1767682080000, 70], [1767682200000, 71], [1767682320000,
        71], [1767682440000, 69], [1767682560000, 70], [1767682680000, 72], [1767682800000,
        70], [1767682920000, 72], [1767683040000, 65], [1767683160000, 65], [1767683280000,
        72], [1767683400000, 63], [1767683520000, 68], [1767683640000, 67], [1767683760000,
        68], [1767683880000, 66], [1767684000000, 70], [1767684120000, 65], [1767684240000,
        63], [1767684360000, 63], [1767684480000, 66], [1767684600000, 60], [1767684720000,
        59], [1767684840000, 61], [1767684960000, 62], [1767685080000, 63], [1767685200000,
        63], [1767685320000, 63], [1767685440000, 63], [1767685560000, 62], [1767685680000,
        64], [1767685800000, 65], [1767685920000, 65], [1767686040000, 65], [1767686160000,
        65], [1767686280000, 67], [1767686400000, 73], [1767686520000, 61], [1767686640000,
        62], [1767686760000, 63], [1767686880000, 64], [1767687000000, 62], [1767687120000,
        62], [1767687240000, 63], [1767687360000, 62], [1767687480000, 63], [1767687600000,
        64], [1767687720000, 63], [1767687840000, 61], [1767687960000, 62], [1767688080000,
        64], [1767688200000, 62], [1767688320000, 60], [1767688440000, 66], [1767688560000,
        61], [1767688680000, 61], [1767688800000, 59], [1767688920000, 62], [1767689040000,
        62], [1767689160000, 63], [1767689280000, 63], [1767689400000, 61], [1767689520000,
        65], [1767689640000, 54], [1767689760000, 57], [1767689880000, 57], [1767690000000,
        58], [1767690120000, 58], [1767690240000, 60], [1767690360000, 60], [1767690480000,
        57], [1767690600000, 56], [1767690720000, 63], [1767690840000, 59], [1767690960000,
        62], [1767691080000, 61], [1767691200000, 58], [1767691320000, 61], [1767691440000,
        59], [1767691560000, 60], [1767691680000, 61], [1767691800000, 60], [1767691920000,
        61], [1767692040000, 61], [1767692160000, 63], [1767692280000, 62], [1767692400000,
        62], [1767692520000, 61], [1767692640000, 62], [1767692760000, 62], [1767692880000,
        60], [1767693000000, 61], [1767693120000, 61], [1767693240000, 61], [1767693360000,
        61], [1767693480000, 60], [1767693600000, 63], [1767693720000, 60], [1767693840000,
        56], [1767693960000, 67], [1767694080000, 62], [1767694200000, 60], [1767694320000,
        58], [1767694440000, 60], [1767694560000, 56], [1767694680000, 51], [1767694800000,
        53], [1767694920000, 52], [1767695040000, 62], [1767695160000, 67], [1767695280000,
        81], [1767695400000, 87], [1767695520000, 60], [1767695640000, 58], [1767695760000,
        55], [1767695880000, 55], [1767696000000, 57], [1767696120000, 60], [1767696240000,
        56], [1767696360000, 58], [1767696480000, 58], [1767696600000, 57], [1767696720000,
        61], [1767696840000, 56], [1767696960000, 55], [1767697080000, 55], [1767697200000,
        54], [1767697320000, 55], [1767697440000, 58], [1767697560000, 60], [1767697680000,
        55], [1767697800000, 53], [1767697920000, 53], [1767698040000, 59], [1767698160000,
        62], [1767698280000, 53], [1767698400000, 55], [1767698520000, 61], [1767698640000,
        58], [1767698760000, 65], [1767698880000, 61], [1767699000000, 59], [1767699120000,
        61], [1767699240000, 60], [1767699360000, 65], [1767699480000, 61], [1767699600000,
        55], [1767699720000, 62], [1767699840000, 59], [1767699960000, 60], [1767700080000,
        61], [1767700200000, 62], [1767700320000, 65], [1767700440000, 69], [1767700560000,
        68], [1767700680000, 78], [1767700800000, 77], [1767700920000, 71], [1767701040000,
        73], [1767701160000, 71], [1767701280000, 77], [1767701400000, 85], [1767701520000,
        82], [1767701640000, 75], [1767701760000, 87], [1767701880000, 82], [1767702000000,
        93], [1767702120000, 93], [1767702240000, 91], [1767702360000, 91], [1767702480000,
        92], [1767702600000, 85], [1767702720000, 91], [1767702840000, 92], [1767702960000,
        76], [1767703080000, 68], [1767703200000, 66], [1767703320000, 66], [1767703440000,
        67], [1767703560000, 65], [1767703680000, 65], [1767703800000, 65], [1767703920000,
        69], [1767704040000, 70], [1767704160000, 64], [1767704280000, 70], [1767704400000,
        69], [1767704520000, 73], [1767704640000, 75], [1767704760000, 78], [1767704880000,
        69], [1767705000000, 75], [1767705120000, 98], [1767705240000, 102], [1767705360000,
        126], [1767705480000, 137], [1767705600000, 149], [1767705720000, 147], [1767705840000,
        141], [1767705960000, 151], [1767706080000, 136], [1767706200000, 147], [1767706320000,
        150], [1767706440000, 129], [1767706560000, 141], [1767706680000, 136], [1767706800000,
        120], [1767706920000, 123], [1767707040000, 126], [1767707160000, 129], [1767707280000,
        121], [1767707400000, 121], [1767707520000, 109], [1767707640000, 92], [1767707760000,
        88], [1767707880000, 93], [1767708000000, 91], [1767708120000, 92], [1767708240000,
        89], [1767708360000, 84], [1767708480000, 84], [1767708600000, 76], [1767708720000,
        78], [1767708840000, 76], [1767708960000, 77], [1767709080000, 78], [1767709200000,
        78], [1767709320000, 79], [1767709440000, 81], [1767709560000, 76], [1767709680000,
        75], [1767709800000, 76], [1767709920000, 77], [1767710040000, 79], [1767710160000,
        75], [1767710280000, 72], [1767710400000, 77], [1767710520000, 78], [1767710640000,
        79], [1767710760000, 78], [1767710880000, 90], [1767711000000, 109], [1767711120000,
        93], [1767711240000, 94], [1767711360000, 80], [1767711480000, 77], [1767711600000,
        79], [1767711720000, 79], [1767711840000, 90], [1767711960000, 95], [1767712080000,
        95], [1767712200000, 107], [1767712320000, 97], [1767712440000, 81], [1767712560000,
        91], [1767712680000, 83], [1767712800000, 89], [1767712920000, 85], [1767713040000,
        83], [1767713160000, 79], [1767713280000, 81], [1767713400000, 83], [1767713520000,
        83], [1767713640000, 85], [1767713760000, 79], [1767713880000, 83], [1767714000000,
        81], [1767714120000, 77], [1767714240000, 78], [1767714360000, 81], [1767714480000,
        77], [1767714600000, 82], [1767714720000, 76], [1767714840000, 82], [1767714960000,
        83], [1767715080000, 79], [1767715200000, 87], [1767715320000, 90], [1767715440000,
        84], [1767715560000, 88], [1767715680000, 85], [1767715800000, 87], [1767715920000,
        82], [1767716040000, 83], [1767716160000, 87], [1767716280000, 79], [1767716400000,
        77], [1767716520000, 78], [1767716640000, 79], [1767716760000, 79], [1767716880000,
        73], [1767717000000, 82], [1767717120000, 82], [1767717240000, 76], [1767717360000,
        72], [1767717480000, 87], [1767717600000, 84], [1767717720000, 82], [1767717840000,
        86], [1767717960000, 77], [1767718080000, 73], [1767718200000, 71], [1767718320000,
        75], [1767718440000, 71], [1767718560000, 75], [1767718680000, 76], [1767718800000,
        90], [1767718920000, 88], [1767719040000, 76], [1767719160000, 80], [1767719280000,
        71], [1767719400000, 78], [1767719520000, 73], [1767719640000, 59], [1767719760000,
        67], [1767719880000, 63], [1767720000000, 67], [1767720120000, 69], [1767720240000,
        83], [1767720360000, 81], [1767720480000, 86], [1767720600000, null], [1767729840000,
        90], [1767729960000, 78], [1767730080000, 73], [1767730200000, 72], [1767730320000,
        80], [1767730440000, 71], [1767730560000, 77], [1767730680000, 78], [1767730800000,
        74], [1767730920000, 59], [1767731040000, 65], [1767731160000, 77], [1767731280000,
        75], [1767731400000, 78], [1767731520000, 73], [1767731640000, 76], [1767731760000,
        71], [1767731880000, 74], [1767732000000, 73], [1767732120000, 88], [1767732240000,
        86], [1767732360000, 92], [1767732480000, 77], [1767732600000, 81], [1767732720000,
        73], [1767732840000, 70], [1767732960000, 67], [1767733080000, 69], [1767733200000,
        70], [1767733320000, 72], [1767733440000, 69], [1767733560000, 67], [1767733680000,
        73], [1767733800000, 71], [1767733920000, 66], [1767734040000, 67], [1767734160000,
        67], [1767734280000, 64], [1767734400000, 74], [1767734520000, 66], [1767734640000,
        67], [1767734760000, 65], [1767734880000, 69], [1767735000000, 67], [1767735120000,
        71], [1767735240000, 75], [1767735360000, 71], [1767735480000, 82], [1767735600000,
        83], [1767735720000, 79], [1767735840000, 71], [1767735960000, 74], [1767736080000,
        72], [1767736200000, 66], [1767736320000, 71], [1767736440000, 67], [1767736560000,
        70], [1767736680000, 67], [1767736800000, 62], [1767736920000, 68], [1767737040000,
        66], [1767737160000, 65], [1767737280000, 64], [1767737400000, 63], [1767737520000,
        65], [1767737640000, 73], [1767737760000, 66], [1767737880000, 64], [1767738000000,
        64], [1767738120000, 68], [1767738240000, 67], [1767738360000, 63], [1767738480000,
        63], [1767738600000, 63], [1767738720000, 70], [1767738840000, 68], [1767738960000,
        66], [1767739080000, 77], [1767739200000, 82], [1767739320000, 60], [1767739440000,
        58], [1767739560000, 62], [1767739680000, 64], [1767739800000, 64], [1767739920000,
        79], [1767740040000, 90], [1767740160000, 66], [1767740280000, 61], [1767740400000,
        69], [1767740520000, 88], [1767740640000, 66], [1767740760000, 71], [1767740880000,
        64], [1767741000000, 63], [1767741120000, 77], [1767741240000, 82], [1767741360000,
        70], [1767741480000, 71], [1767741600000, 78], [1767741720000, 71], [1767741840000,
        84], [1767741960000, 89], [1767742080000, 90], [1767742200000, 87], [1767742320000,
        91], [1767742440000, 94], [1767742560000, 70], [1767742680000, 73], [1767742800000,
        61], [1767742920000, 59], [1767743040000, 61], [1767743160000, 71], [1767743280000,
        67], [1767743400000, 60], [1767743520000, 68], [1767743640000, 60], [1767743760000,
        61], [1767743880000, 61], [1767744000000, 71], [1767744120000, 63], [1767744240000,
        66], [1767744360000, 63], [1767744480000, 65], [1767744600000, 68], [1767744720000,
        63], [1767744840000, 62], [1767744960000, 81], [1767745080000, 84], [1767745200000,
        86], [1767745320000, 87], [1767745440000, 86], [1767745560000, 91], [1767745680000,
        95], [1767745800000, 95], [1767745920000, 99], [1767746040000, 111], [1767746160000,
        94], [1767746280000, 87], [1767746400000, 94], [1767746520000, 91], [1767746640000,
        83], [1767746760000, 85], [1767746880000, 89], [1767747000000, 83], [1767747120000,
        72], [1767747240000, 74], [1767747360000, 72], [1767747480000, 73], [1767747600000,
        82], [1767747720000, null], [1767752400000, 88], [1767752520000, 78], [1767752640000,
        64], [1767752760000, 66], [1767752880000, 68], [1767753000000, 70], [1767753120000,
        78], [1767753240000, 90], [1767753360000, 91], [1767753480000, 90], [1767753600000,
        71], [1767753720000, 79], [1767753840000, 72], [1767753960000, 64], [1767754080000,
        76], [1767754200000, 64], [1767754320000, 62], [1767754440000, 61], [1767754560000,
        62], [1767754680000, 62], [1767754800000, 59], [1767754920000, 62], [1767755040000,
        56], [1767755160000, 57], [1767755280000, 57], [1767755400000, 58], [1767755520000,
        57], [1767755640000, 55], [1767755760000, 54], [1767755880000, 55], [1767756000000,
        62], [1767756120000, 73], [1767756240000, 74], [1767756360000, 74], [1767756480000,
        73], [1767756600000, 71], [1767756720000, 66], [1767756840000, 66], [1767756960000,
        65], [1767757080000, 62], [1767757200000, 72], [1767757320000, 63], [1767757440000,
        60], [1767757560000, 64], [1767757680000, 63], [1767757800000, 60], [1767757920000,
        60], [1767758040000, 77], [1767758160000, 87], [1767758280000, 77], [1767758400000,
        72], [1767758520000, 68], [1767758640000, 73], [1767758760000, 75], [1767758880000,
        70], [1767759000000, 71], [1767759120000, 74], [1767759240000, 75], [1767759360000,
        75], [1767759480000, 110], [1767759600000, 115], [1767759720000, 94], [1767759840000,
        85], [1767759960000, 80], [1767760080000, 56], [1767760200000, 56], [1767760320000,
        67], [1767760440000, 75], [1767760560000, 82], [1767760680000, 84], [1767760800000,
        83], [1767760920000, 87], [1767761040000, 71], [1767761160000, 69], [1767761280000,
        76], [1767761400000, 72], [1767761520000, 70], [1767761640000, 75], [1767761760000,
        72], [1767761880000, 64], [1767762000000, 57], [1767762120000, 56], [1767762240000,
        56], [1767762360000, 56], [1767762480000, 54], [1767762600000, 53], [1767762720000,
        54], [1767762840000, 54], [1767762960000, 55], [1767763080000, 56], [1767763200000,
        56], [1767763320000, 57], [1767763440000, 58], [1767763560000, 58], [1767763680000,
        58], [1767763800000, 59], [1767763920000, 60], [1767764040000, 60], [1767764160000,
        60], [1767764280000, 61], [1767764400000, 62], [1767764520000, 62], [1767764640000,
        61], [1767764760000, 61], [1767764880000, 61], [1767765000000, 62], [1767765120000,
        62], [1767765240000, 61], [1767765360000, 61], [1767765480000, 62]], "heartRateValueDescriptors":
        [{"key": "timestamp", "index": 0}, {"key": "heartrate", "index": 1}]}'
    headers:
      CF-RAY:
      - 9baf352f6dc2aee6-DFW
      Cache-Control:
      - no-cache, no-store, private
      Connection:
      - keep-alive
      Content-Type:
      - application/json
      Date:
      - Thu, 08 Jan 2026 22:42:23 GMT
      NEL:
      - '{"success_fraction":0.01,"report_to":"cf-nel","max_age":604800}'
      Report-To:
      - '{"endpoints":[{"url":"https:\/\/a.nel.cloudflare.com\/report\/v4?s=XnQ3%2Fih9A4FepHuhIS20f%2B%2FiubO659N9e74q1OYJ4QeZ7AmdAatX27vhAHiaOC5LyOKEKCKt87jm1YmtDkDBTyayIGFMqEG0O3fBYR3%2BerJgB7u0Vc7uAY8tJWw9GWVPhrVSMuXYKQ%3D%3D"}],"group":"cf-nel","max_age":604800}'
      Server:
      - cloudflare
      Transfer-Encoding:
      - chunked
      alt-svc:
      - h3=":443"; ma=86400
      cf-cache-status:
      - DYNAMIC
      pragma:
      - no-cache
    status:
      code: 200
      message: OK
- request:
    body: null
    headers:
      Accept:
      - '*/*'
      Accept-Encoding:
      - gzip, deflate, zstd
      Authorization:
      - Bearer SANITIZED
      Connection:
      - keep-alive
      Cookie:
      - _cfuvid=SANITIZED
      User-Agent:
      - GCM-iOS-5.7.2.1
    method: GET
    uri: https://connectapi.garmin.com/wellness-service/wellness/dailyHeartRate/?date=2026-01-05
  response:
    body:
      string: '{"userProfilePK": 2591602, "calendarDate": "2026-01-05", "startTimestampGMT":
        "2026-01-05T06:00:00.0", "endTimestampGMT": "2026-01-06T06:00:00.0", "startTimestampLocal":
        "2026-01-05T00:00:00.0", "endTimestampLocal": "2026-01-06T00:00:00.0", "maxHeartRate":
        100, "minHeartRate": 47, "restingHeartRate": 49, "lastSevenDaysAvgRestingHeartRate":
        49, "heartRateValueDescriptors": [{"key": "timestamp", "index": 0}, {"key":
        "heartrate", "index": 1}], "heartRateValues": [[1767592800000, 91], [1767592920000,
        76], [1767593040000, 72], [1767593160000, 56], [1767593280000, 51], [1767593400000,
        50], [1767593520000, 50], [1767593640000, 48], [1767593760000, 49], [1767593880000,
        49], [1767594000000, 49], [1767594120000, 50], [1767594240000, 50], [1767594360000,
        50], [1767594480000, 50], [1767594600000, 50], [1767594720000, 50], [1767594840000,
        50], [1767594960000, 51], [1767595080000, 50], [1767595200000, 51], [1767595320000,
        51], [1767595440000, 50], [1767595560000, 51], [1767595680000, 51], [1767595800000,
        51], [1767595920000, 51], [1767596040000, 50], [1767596160000, 51], [1767596280000,
        51], [1767596400000, 50], [1767596520000, 50], [1767596640000, 57], [1767596760000,
        61], [1767596880000, 59], [1767597000000, 57], [1767597120000, 59], [1767597240000,
        58], [1767597360000, 57], [1767597480000, 56], [1767597600000, 55], [1767597720000,
        55], [1767597840000, 55], [1767597960000, 56], [1767598080000, 57], [1767598200000,
        57], [1767598320000, 57], [1767598440000, 57], [1767598560000, 56], [1767598680000,
        56], [1767598800000, 56], [1767598920000, 56], [1767599040000, 55], [1767599160000,
        56], [1767599280000, 55], [1767599400000, 56], [1767599520000, 54], [1767599640000,
        54], [1767599760000, 56], [1767599880000, 50], [1767600000000, 49], [1767600120000,
        47], [1767600240000, 49], [1767600360000, 49], [1767600480000, 49], [1767600600000,
        49], [1767600720000, 49], [1767600840000, 52], [1767600960000, 50], [1767601080000,
        50], [1767601200000, 49], [1767601320000, 50], [1767601440000, 53], [1767601560000,
        51], [1767601680000, 49], [1767601800000, 49], [1767601920000, 49], [1767602040000,
        49], [1767602160000, 48], [1767602280000, 50], [1767602400000, 49], [1767602520000,
        49], [1767602640000, 51], [1767602760000, 48], [1767602880000, 51], [1767603000000,
        50], [1767603120000, 49], [1767603240000, 48], [1767603360000, 49], [1767603480000,
        50], [1767603600000, 50], [1767603720000, 50], [1767603840000, 51], [1767603960000,
        49], [1767604080000, 50], [1767604200000, 49], [1767604320000, 50], [1767604440000,
        50], [1767604560000, 50], [1767604680000, 50], [1767604800000, 53], [1767604920000,
        51], [1767605040000, 50], [1767605160000, 51], [1767605280000, 51], [1767605400000,
        52], [1767605520000, 51], [1767605640000, 52], [1767605760000, 51], [1767605880000,
        51], [1767606000000, 51], [1767606120000, 51], [1767606240000, 51], [1767606360000,
        52], [1767606480000, 51], [1767606600000, 51], [1767606720000, 51], [1767606840000,
        51], [1767606960000, 51], [1767607080000, 52], [1767607200000, 55], [1767607320000,
        52], [1767607440000, 52], [1767607560000, 50], [1767607680000, 49], [1767607800000,
        49], [1767607920000, 49], [1767608040000, 50], [1767608160000, 48], [1767608280000,
        50], [1767608400000, 50], [1767608520000, 51], [1767608640000, 52], [1767608760000,
        53], [1767608880000, 50], [1767609000000, 49], [1767609120000, 47], [1767609240000,
        47], [1767609360000, 48], [1767609480000, 50], [1767609600000, 50], [1767609720000,
        48], [1767609840000, 52], [1767609960000, 51], [1767610080000, 50], [1767610200000,
        50], [1767610320000, 52], [1767610440000, 49], [1767610560000, 49], [1767610680000,
        49], [1767610800000, 50], [1767610920000, 50], [1767611040000, 50], [1767611160000,
        50], [1767611280000, 51], [1767611400000, 51], [1767611520000, 50], [1767611640000,
        51], [1767611760000, 51], [1767611880000, 51], [1767612000000, 51], [1767612120000,
        51], [1767612240000, 52], [1767612360000, 51], [1767612480000, 52], [1767612600000,
        52], [1767612720000, 51], [1767612840000, 58], [1767612960000, 53], [1767613080000,
        51], [1767613200000, 52], [1767613320000, 50], [1767613440000, 50], [1767613560000,
        51], [1767613680000, 49], [1767613800000, 48], [1767613920000, 50], [1767614040000,
        52], [1767614160000, 52], [1767614280000, 52], [1767614400000, 57], [1767614520000,
        60], [1767614640000, 58], [1767614760000, 51], [1767614880000, 53], [1767615000000,
        54], [1767615120000, 55], [1767615240000, 51], [1767615360000, 54], [1767615480000,
        53], [1767615600000, 52], [1767615720000, 51], [1767615840000, 50], [1767615960000,
        49], [1767616080000, 55], [1767616200000, 56], [1767616320000, 73], [1767616440000,
        91], [1767616560000, null], [1767617520000, 68], [1767617640000, null], [1767619200000,
        72], [1767619320000, 79], [1767619440000, 76], [1767619560000, 72], [1767619680000,
        86], [1767619800000, 83], [1767619920000, 81], [1767620040000, 79], [1767620160000,
        72], [1767620280000, 65], [1767620400000, 64], [1767620520000, 65], [1767620640000,
        77], [1767620760000, 76], [1767620880000, 66], [1767621000000, 76], [1767621120000,
        68], [1767621240000, 56], [1767621360000, 56], [1767621480000, 61], [1767621600000,
        77], [1767621720000, 76], [1767621840000, 71], [1767621960000, 61], [1767622080000,
        74], [1767622200000, 78], [1767622320000, 81], [1767622440000, 77], [1767622560000,
        79], [1767622680000, 83], [1767622800000, 82], [1767622920000, 82], [1767623040000,
        83], [1767623160000, 77], [1767623280000, 76], [1767623400000, 81], [1767623520000,
        78], [1767623640000, 78], [1767623760000, 78], [1767623880000, 84], [1767624000000,
        85], [1767624120000, 85], [1767624240000, 79], [1767624360000, 82], [1767624480000,
        86], [1767624600000, 92], [1767624720000, 95], [1767624840000, 99], [1767624960000,
        99], [1767625080000, 98], [1767625200000, 92], [1767625320000, 88], [1767625440000,
        80], [1767625560000, 92], [1767625680000, 88], [1767625800000, 87], [1767625920000,
        82], [1767626040000, 86], [1767626160000, 85], [1767626280000, 81], [1767626400000,
        79], [1767626520000, 82], [1767626640000, 79], [1767626760000, 84], [1767626880000,
        81], [1767627000000, 86], [1767627120000, 88], [1767627240000, 88], [1767627360000,
        86], [1767627480000, 86], [1767627600000, 84], [1767627720000, 82], [1767627840000,
        80], [1767627960000, 80], [1767628080000, 76], [1767628200000, 77], [1767628320000,
        73], [1767628440000, 86], [1767628560000, 79], [1767628680000, 78], [1767628800000,
        77], [1767628920000, 79], [1767629040000, 70], [1767629160000, 76], [1767629280000,
        77], [1767629400000, 76], [1767629520000, 76], [1767629640000, 76], [1767629760000,
        77], [1767629880000, 75], [1767630000000, 77], [1767630120000, 75], [1767630240000,
        72], [1767630360000, 74], [1767630480000, 77], [1767630600000, 72], [1767630720000,
        74], [1767630840000, 76], [1767630960000, 75], [1767631080000, 71], [1767631200000,
        86], [1767631320000, 81], [1767631440000, 81], [1767631560000, 81], [1767631680000,
        78], [1767631800000, 73], [1767631920000, 74], [1767632040000, 74], [1767632160000,
        72], [1767632280000, 70], [1767632400000, 76], [1767632520000, 74], [1767632640000,
        73], [1767632760000, 71], [1767632880000, 70], [1767633000000, 76], [1767633120000,
        73], [1767633240000, 63], [1767633360000, 68], [1767633480000, 69], [1767633600000,
        65], [1767633720000, 69], [1767633840000, 71], [1767633960000, 76], [1767634080000,
        73], [1767634200000, 76], [1767634320000, 75], [1767634440000, 72], [1767634560000,
        78], [1767634680000, 73], [1767634800000, 73], [1767634920000, 84], [1767635040000,
        82], [1767635160000, 73], [1767635280000, 69], [1767635400000, 73], [1767635520000,
        74], [1767635640000, 78], [1767635760000, 75], [1767635880000, 73], [1767636000000,
        70], [1767636120000, 71], [1767636240000, 81], [1767636360000, 86], [1767636480000,
        86], [1767636600000, 77], [1767636720000, 66], [1767636840000, 68], [1767636960000,
        67], [1767637080000, 70], [1767637200000, 67], [1767637320000, 73], [1767637440000,
        82], [1767637560000, 79], [1767637680000, 82], [1767637800000, 85], [1767637920000,
        79], [1767638040000, 77], [1767638160000, 75], [1767638280000, 83], [1767638400000,
        76], [1767638520000, 75], [1767638640000, 79], [1767638760000, 72], [1767638880000,
        67], [1767639000000, 74], [1767639120000, 74], [1767639240000, 67], [1767639360000,
        73], [1767639480000, 71], [1767639600000, 71], [1767639720000, 69], [1767639840000,
        71], [1767639960000, 69], [1767640080000, 71], [1767640200000, 72], [1767640320000,
        68], [1767640440000, 66], [1767640560000, 70], [1767640680000, 76], [1767640800000,
        81], [1767640920000, 68], [1767641040000, 67], [1767641160000, 69], [1767641280000,
        70], [1767641400000, 73], [1767641520000, 72], [1767641640000, 69], [1767641760000,
        69], [1767641880000, 71], [1767642000000, 72], [1767642120000, 69], [1767642240000,
        70], [1767642360000, 70], [1767642480000, 69], [1767642600000, 72], [1767642720000,
        70], [1767642840000, 71], [1767642960000, 73], [1767643080000, 72], [1767643200000,
        69], [1767643320000, 68], [1767643440000, 69], [1767643560000, 67], [1767643680000,
        61], [1767643800000, 71], [1767643920000, 70], [1767644040000, 68], [1767644160000,
        66], [1767644280000, 72], [1767644400000, 81], [1767644520000, 68], [1767644640000,
        64], [1767644760000, 67], [1767644880000, 71], [1767645000000, 70], [1767645120000,
        82], [1767645240000, 84], [1767645360000, 84], [1767645480000, 86], [1767645600000,
        84], [1767645720000, 87], [1767645840000, 79], [1767645960000, 79], [1767646080000,
        73], [1767646200000, 75], [1767646320000, 72], [1767646440000, 83], [1767646560000,
        79], [1767646680000, 73], [1767646800000, 77], [1767646920000, 85], [1767647040000,
        78], [1767647160000, 79], [1767647280000, 79], [1767647400000, 83], [1767647520000,
        86], [1767647640000, 85], [1767647760000, 88], [1767647880000, 90], [1767648000000,
        89], [1767648120000, 79], [1767648240000, 80], [1767648360000, 82], [1767648480000,
        84], [1767648600000, 87], [1767648720000, 100], [1767648840000, 91], [1767648960000,
        89], [1767649080000, 90], [1767649200000, 82], [1767649320000, 87], [1767649440000,
        84], [1767649560000, 89], [1767649680000, 98], [1767649800000, 94], [1767649920000,
        91], [1767650040000, 84], [1767650160000, 87], [1767650280000, 82], [1767650400000,
        78], [1767650520000, 82], [1767650640000, 81], [1767650760000, 76], [1767650880000,
        81], [1767651000000, 79], [1767651120000, 77], [1767651240000, 77], [1767651360000,
        78], [1767651480000, 78], [1767651600000, 76], [1767651720000, 75], [1767651840000,
        76], [1767651960000, 80], [1767652080000, 79], [1767652200000, 83], [1767652320000,
        87], [1767652440000, 79], [1767652560000, 88], [1767652680000, 89], [1767652800000,
        84], [1767652920000, 78], [1767653040000, 78], [1767653160000, 76], [1767653280000,
        76], [1767653400000, 71], [1767653520000, 75], [1767653640000, 73], [1767653760000,
        78], [1767653880000, 75], [1767654000000, 74], [1767654120000, 77], [1767654240000,
        74], [1767654360000, 72], [1767654480000, 74], [1767654600000, 69], [1767654720000,
        71], [1767654840000, 72], [1767654960000, 74], [1767655080000, 75], [1767655200000,
        76], [1767655320000, 73], [1767655440000, 71], [1767655560000, 68], [1767655680000,
        72], [1767655800000, 74], [1767655920000, 71], [1767656040000, 67], [1767656160000,
        74], [1767656280000, 70], [1767656400000, 74], [1767656520000, 87], [1767656640000,
        74], [1767656760000, 69], [1767656880000, 68], [1767657000000, 75], [1767657120000,
        70], [1767657240000, 68], [1767657360000, 67], [1767657480000, 71], [1767657600000,
        71], [1767657720000, 72], [1767657840000, 77], [1767657960000, 74], [1767658080000,
        71], [1767658200000, 82], [1767658320000, 87], [1767658440000, 82], [1767658560000,
        79], [1767658680000, 68], [1767658800000, 64], [1767658920000, 64], [1767659040000,
        63], [1767659160000, 64], [1767659280000, 64], [1767659400000, 63], [1767659520000,
        65], [1767659640000, 66], [1767659760000, 64], [1767659880000, 64], [1767660000000,
        69], [1767660120000, 72], [1767660240000, 64], [1767660360000, 64], [1767660480000,
        63], [1767660600000, 63], [1767660720000, 65], [1767660840000, 69], [1767660960000,
        67], [1767661080000, 64], [1767661200000, 65], [1767661320000, 62], [1767661440000,
        69], [1767661560000, 67], [1767661680000, 66], [1767661800000, 68], [1767661920000,
        65], [1767662040000, 64], [1767662160000, 65], [1767662280000, 64], [1767662400000,
        65], [1767662520000, 62], [1767662640000, 64], [1767662760000, 65], [1767662880000,
        65], [1767663000000, 62], [1767663120000, 64], [1767663240000, 66], [1767663360000,
        62], [1767663480000, 64], [1767663600000, 64], [1767663720000, 62], [1767663840000,
        62], [1767663960000, 62], [1767664080000, 63], [1767664200000, 67], [1767664320000,
        58], [1767664440000, 64], [1767664560000, 60], [1767664680000, 62], [1767664800000,
        66], [1767664920000, 59], [1767665040000, 55], [1767665160000, 56], [1767665280000,
        60], [1767665400000, 59], [1767665520000, 58], [1767665640000, 59], [1767665760000,
        57], [1767665880000, 59], [1767666000000, 59], [1767666120000, 61], [1767666240000,
        59], [1767666360000, 54], [1767666480000, 56], [1767666600000, 55], [1767666720000,
        61], [1767666840000, 59], [1767666960000, 62], [1767667080000, 63], [1767667200000,
        57], [1767667320000, 60], [1767667440000, 53], [1767667560000, 55], [1767667680000,
        65], [1767667800000, 61], [1767667920000, 65], [1767668040000, 59], [1767668160000,
        66], [1767668280000, 65], [1767668400000, 72], [1767668520000, 75], [1767668640000,
        74], [1767668760000, 70], [1767668880000, 69], [1767669000000, 66], [1767669120000,
        59], [1767669240000, 56], [1767669360000, 60], [1767669480000, 62], [1767669600000,
        63], [1767669720000, 65], [1767669840000, 56], [1767669960000, 62], [1767670080000,
        63], [1767670200000, 73], [1767670320000, 62], [1767670440000, 62], [1767670560000,
        75], [1767670680000, 80], [1767670800000, 81], [1767670920000, 74], [1767671040000,
        76], [1767671160000, 79], [1767671280000, 84], [1767671400000, 82], [1767671520000,
        84], [1767671640000, 83], [1767671760000, 84], [1767671880000, 77], [1767672000000,
        76], [1767672120000, 77], [1767672240000, 75], [1767672360000, 74], [1767672480000,
        78], [1767672600000, 80], [1767672720000, 73], [1767672840000, 73], [1767672960000,
        76], [1767673080000, 76], [1767673200000, 74], [1767673320000, 85], [1767673440000,
        88], [1767673560000, 83], [1767673680000, 74], [1767673800000, 75], [1767673920000,
        78], [1767674040000, 77], [1767674160000, 74], [1767674280000, 83], [1767674400000,
        90], [1767674520000, 96], [1767674640000, 94], [1767674760000, 97], [1767674880000,
        90], [1767675000000, 92], [1767675120000, 92], [1767675240000, 80], [1767675360000,
        85], [1767675480000, 77], [1767675600000, 87], [1767675720000, 88], [1767675840000,
        78], [1767675960000, 76], [1767676080000, 74], [1767676200000, 76], [1767676320000,
        null], [1767676920000, 84], [1767677040000, 71], [1767677160000, 73], [1767677280000,
        72], [1767677400000, 71], [1767677520000, 67], [1767677640000, 68], [1767677760000,
        68], [1767677880000, 64], [1767678000000, 65], [1767678120000, 66], [1767678240000,
        66], [1767678360000, 66], [1767678480000, 66], [1767678600000, 67], [1767678720000,
        67], [1767678840000, 67], [1767678960000, 67], [1767679080000, 66]]}'
    headers:
      CF-RAY:
      - 9baf35307e80ca13-QRO
      Cache-Control:
      - no-cache, no-store, private
      Connection:
      - keep-alive
      Content-Type:
      - application/json
      Date:
      - Thu, 08 Jan 2026 22:42:23 GMT
      NEL:
      - '{"success_fraction":0.01,"report_to":"cf-nel","max_age":604800}'
      Report-To:
      - '{"endpoints":[{"url":"https:\/\/a.nel.cloudflare.com\/report\/v4?s=rwSe4wPLX5LnCuhKxNgUYC7acLmC5BxoSgE1AjWqsQaiAREAAcYudqPSyCVC53aqDDO1SOS8cWL%2FvhFO6gKJ4qCIczDGrT2zJpr1yAVw1dKAkLM3oxfmQTPFc1dxnHSX3CBFGpB9Cg%3D%3D"}],"group":"cf-nel","max_age":604800}'
      Server:
      - cloudflare
      Transfer-Encoding:
      - chunked
      alt-svc:
      - h3=":443"; ma=86400
      cf-cache-status:
      - DYNAMIC
      pragma:
      - no-cache
    status:
      code: 200
      message: OK
version: 1
